[10:54:42] [main/INFO] (FabricLoader/GameProvider) Loading Minecraft 26.2 with Fabric Loader 0.19.3
[10:54:42] [main/INFO] (FabricLoader/Mappings) Mappings not present!
[10:54:42] [main/INFO] (FabricLoader) Loading 51 mods:
	- architecture-blocks 1.0.0
	- fabric-api 0.155.2+26.2
	- fabric-api-base 2.0.4+ece063239e
	- fabric-api-lookup-api-v1 2.0.17+11e1c9a39e
	- fabric-biome-api-v1 18.0.6+c7bd5b8e9e
	- fabric-block-api-v1 3.0.3+ec56b6019e
	- fabric-block-getter-api-v2 2.0.7+ec56b6019e
	- fabric-client-gametest-api-v1 5.1.1+37925be69e
	- fabric-command-api-v2 3.1.0+00cb03469e
	- fabric-content-registries-v0 11.3.0+d0a699d09e
	- fabric-convention-tags-v2 4.7.0+1f023a9e9e
	- fabric-crash-report-info-v1 1.0.5+086d547a9e
	- fabric-creative-tab-api-v1 5.0.14+d871b99e9e
	- fabric-data-attachment-api-v1 2.2.17+aa0fd6fe9e
	- fabric-data-generation-api-v1 25.4.5+b190d6f59e
	- fabric-debug-api-v1 1.0.2+c792624d9e
	- fabric-dimensions-v1 5.1.10+5ed499069e
	- fabric-entity-events-v1 5.0.5+06488ac19e
	- fabric-events-interaction-v0 5.2.6+8f57f7ee9e
	- fabric-game-rule-api-v1 4.0.8+46a6d00c9e
	- fabric-gametest-api-v1 4.0.21+4a7fa0819e
	- fabric-item-api-v1 14.3.0+583e0a5f9e
	- fabric-key-mapping-api-v1 2.0.5+e2bdee789e
	- fabric-lifecycle-events-v1 4.1.3+4575b05f9e
	- fabric-loot-api-v3 3.0.17+06488ac19e
	- fabric-menu-api-v1 2.0.16+086d547a9e
	- fabric-message-api-v1 7.0.7+086d547a9e
	- fabric-model-loading-api-v1 8.0.15+c80601bb9e
	- fabric-networking-api-v1 6.3.3+72073ef09e
	- fabric-object-builder-api-v1 24.1.0+6fcd5f039e
	- fabric-particles-v1 5.0.18+d1756aa99e
	- fabric-permission-api-v1 1.0.3+b7020ca29e
	- fabric-recipe-api-v1 9.0.20+11e1c9a39e
	- fabric-registry-sync-v0 7.1.0+c7bd5b8e9e
	- fabric-renderer-api-v1 14.1.2+2b0d8a229e
	- fabric-renderer-indigo 9.1.2+2b0d8a229e
	- fabric-rendering-fluids-v1 6.0.4+06488ac19e
	- fabric-rendering-v1 25.3.1+6988455e9e
	- fabric-resource-conditions-api-v1 6.1.0+10e9a28b9e
	- fabric-resource-loader-v0 3.3.20+4fc5413f9e
	- fabric-resource-loader-v1 2.0.13+9edec1269e
	- fabric-screen-api-v1 5.1.0+48e3c0b09e
	- fabric-serialization-api-v1 2.0.4+11a26f319e
	- fabric-sound-api-v1 2.0.5+11a26f319e
	- fabric-tag-api-v1 2.1.3+794df31d9e
	- fabric-transfer-api-v1 8.0.11+39b5a3929e
	- fabric-transitive-access-wideners-v1 8.1.4+67c847259e
	- fabricloader 0.19.3
	- java 26
	- minecraft 26.2
	- mixinextras 0.5.4
[10:54:42] [main/INFO] (FabricLoader/Mixin) SpongePowered MIXIN Subsystem Version=0.8.7 Source=file:/Users/seanpaulbobadilla/.gradle/caches/modules-2/files-2.1/net.fabricmc/sponge-mixin/0.17.3+mixin.0.8.7/41c4a3984a80f4679e759fb9f495587acc5cdac7/sponge-mixin-0.17.3+mixin.0.8.7.jar Service=Knot/Fabric Env=CLIENT
[10:54:42] [main/INFO] (FabricLoader/Mixin) Attempting to load Fernflower decompiler (Threaded mode)
[10:54:42] [main/INFO] (FabricLoader/Mixin) Fernflower could not be loaded, exported classes will not be decompiled. NoClassDefFoundError: org/jetbrains/java/decompiler/main/extern/IResultSaver
[10:54:43] [main/INFO] (FabricLoader/Mixin) Compatibility level set to JAVA_25
[10:54:43] [main/WARN] (FabricLoader/Mixin) Reference map 'architecture-blocks-refmap.json' for architecture-blocks.mixins.json could not be read. If this is a development environment you can ignore this message
[10:54:45] [main/INFO] (FabricLoader/MixinExtras|Service) Initializing MixinExtras via com.llamalad7.mixinextras.service.MixinExtrasServiceImpl(version=0.5.4).
[10:54:46] [Datafixer Bootstrap #0/INFO] (Minecraft) 295 Datafixer optimizations took 641 milliseconds
[10:54:54] [Render thread/INFO] (Minecraft) Environment: Environment[sessionHost=https://sessionserver.mojang.com, servicesHost=https://api.minecraftservices.com, profilesHost=https://api.mojang.com, name=PROD]
[10:54:55] [Render thread/INFO] (Minecraft) Setting user: Player680
[10:54:56] [Download-2/ERROR] (Minecraft) Failed to fetch user properties
com.mojang.authlib.exceptions.InvalidCredentialsException: Status: 401
	at knot//com.mojang.authlib.exceptions.MinecraftClientHttpException.toAuthenticationException(MinecraftClientHttpException.java:70)
	at knot//com.mojang.authlib.yggdrasil.YggdrasilUserApiService.fetchProperties(YggdrasilUserApiService.java:173)
	at knot//net.minecraft.client.Minecraft.lambda$new$1(Minecraft.java:412)
	at java.base/java.util.concurrent.CompletableFuture$AsyncSupply.run(CompletableFuture.java:1789)
	at java.base/java.util.concurrent.ThreadPoolExecutor.runWorker(ThreadPoolExecutor.java:1090)
	at java.base/java.util.concurrent.ThreadPoolExecutor$Worker.run(ThreadPoolExecutor.java:614)
	at java.base/java.lang.Thread.run(Thread.java:1516)
Caused by: MinecraftClientHttpException[type=HTTP_ERROR, status=401, response=ErrorResponse[path=/player/attributes, error=null, errorMessage=null, details=null]]
	at knot//com.mojang.authlib.minecraft.client.MinecraftClient.buildHttpException(MinecraftClient.java:170)
	at knot//com.mojang.authlib.minecraft.client.MinecraftClient.readServiceResponse(MinecraftClient.java:147)
	at knot//com.mojang.authlib.minecraft.client.MinecraftClient.getWithEtag(MinecraftClient.java:81)
	at knot//com.mojang.authlib.minecraft.client.MinecraftClient.get(MinecraftClient.java:65)
	at knot//com.mojang.authlib.yggdrasil.YggdrasilUserApiService.fetchProperties(YggdrasilUserApiService.java:123)
	... 5 more
[10:55:00] [Render thread/INFO] (architecture-blocks) Registering Mod Items for architecture-blocks
[10:55:00] [Render thread/INFO] (Indigo) [Indigo] Registering Indigo renderer!
[10:55:00] [Render thread/INFO] (FabricDataGenHelper) Running data generator for architecture-blocks
[10:55:01] [Render thread/INFO] (Minecraft) Starting provider: Architecture Blocks/Custom Painting Variants Provider
[10:55:01] [Render thread/INFO] (Minecraft) Architecture Blocks/Custom Painting Variants Provider finished after 19 ms
[10:55:01] [Render thread/INFO] (Minecraft) Starting provider: Architecture Blocks/Tags for minecraft:painting_variant
[10:55:01] [Render thread/INFO] (Minecraft) Architecture Blocks/Tags for minecraft:painting_variant finished after 15 ms
[10:55:01] [Render thread/INFO] (Minecraft) Starting provider: Architecture Blocks/ArchitectureBlocks Recipes
[10:55:01] [Render thread/INFO] (Minecraft) Architecture Blocks/ArchitectureBlocks Recipes finished after 151 ms
[10:55:01] [Render thread/INFO] (Minecraft) Starting provider: Architecture Blocks/Model Definitions
[10:55:01] [Render thread/INFO] (Minecraft) Architecture Blocks/Model Definitions finished after 62 ms
[10:55:01] [Render thread/INFO] (Minecraft) Starting provider: Architecture Blocks/Block Loot Tables
[10:55:01] [Render thread/INFO] (Minecraft) Architecture Blocks/Block Loot Tables finished after 27 ms
[10:55:01] [Render thread/INFO] (Minecraft) Starting provider: Architecture Blocks/ArchitectureBlock Data Provider
[10:55:01] [Render thread/INFO] (Minecraft) Architecture Blocks/ArchitectureBlock Data Provider finished after 3 ms
[10:55:01] [Render thread/INFO] (Minecraft) Starting provider: Architecture Blocks/Custom HashMap JSON Provider
[10:55:01] [Render thread/INFO] (Minecraft) Architecture Blocks/Custom HashMap JSON Provider finished after 0 ms
[10:55:01] [Render thread/INFO] (Minecraft) Starting provider: Architecture Blocks/null
[10:55:01] [Render thread/INFO] (Minecraft) [STDOUT]: {
  "model": {
    "type": "minecraft:select",
    "property": "minecraft:component",
    "component": "minecraft:painting/variant",
    "cases": [
      {
        "when": "architecture-blocks:tristan_isolde_separation",
        "model": {
          "type": "minecraft:model",
          "model": "architecture-blocks:item/tristan_isolde_separation"
        }
      },
      {
        "when": "architecture-blocks:under_the_lindon",
        "model": {
          "type": "minecraft:model",
          "model": "architecture-blocks:item/under_the_lindon"
        }
      },
      {
        "when": "architecture-blocks:court_life_at_grail_castle",
        "model": {
          "type": "minecraft:model",
          "model": "architecture-blocks:item/court_life_at_grail_castle"
        }
      },
      {
        "when": "architecture-blocks:ludwig_general_1",
        "model": {
          "type": "minecraft:model",
          "model": "architecture-blocks:item/ludwig_general_1"
        }
      },
      {
        "when": "architecture-blocks:ludwig_general_2",
        "model": {
          "type": "minecraft:model",
          "model": "architecture-blocks:item/ludwig_general_2"
        }
      },
      {
        "when": "architecture-blocks:schwanenrittersage1",
        "model": {
          "type": "minecraft:model",
          "model": "architecture-blocks:item/schwanenrittersage1"
        }
      },
      {
        "when": "architecture-blocks:wolfram_translates_the_poem",
        "model": {
          "type": "minecraft:model",
          "model": "architecture-blocks:item/wolfram_translates_the_poem"
        }
      },
      {
        "when": "architecture-blocks:saint_margaret",
        "model": {
          "type": "minecraft:model",
          "model": "architecture-blocks:item/saint_margaret"
        }
      },
      {
        "when": "architecture-blocks:tristan_on_his_sickbed",
        "model": {
          "type": "minecraft:model",
          "model": "architecture-blocks:item/tristan_on_his_sickbed"
        }
      },
      {
        "when": "architecture-blocks:love_potion",
        "model": {
          "type": "minecraft:model",
          "model": "architecture-blocks:item/love_potion"
        }
      },
      {
        "when": "architecture-blocks:archer_angel",
        "model": {
          "type": "minecraft:model",
          "model": "architecture-blocks:item/archer_angel"
        }
      },
      {
        "when": "architecture-blocks:accolade",
        "model": {
          "type": "minecraft:model",
          "model": "architecture-blocks:item/accolade"
        }
      },
      {
        "when": "architecture-blocks:klingsor_offering_tresure",
        "model": {
          "type": "minecraft:model",
          "model": "architecture-blocks:item/klingsor_offering_tresure"
        }
      },
      {
        "when": "architecture-blocks:song_contest_prizes",
        "model": {
          "type": "minecraft:model",
          "model": "architecture-blocks:item/song_contest_prizes"
        }
      },
      {
        "when": "architecture-blocks:right_curtain",
        "model": {
          "type": "minecraft:model",
          "model": "architecture-blocks:item/right_curtain"
        }
      },
      {
        "when": "architecture-blocks:portrait_wolfram_von_eschenbach_2",
        "model": {
          "type": "minecraft:model",
          "model": "architecture-blocks:item/portrait_wolfram_von_eschenbach_2"
        }
      },
      {
        "when": "architecture-blocks:portrait_wolfram_von_eschenbach_1",
        "model": {
          "type": "minecraft:model",
          "model": "architecture-blocks:item/portrait_wolfram_von_eschenbach_1"
        }
      },
      {
        "when": "architecture-blocks:tristan_isolde_potion",
        "model": {
          "type": "minecraft:model",
          "model": "architecture-blocks:item/tristan_isolde_potion"
        }
      },
      {
        "when": "architecture-blocks:the_arrival_of_lohengrin",
        "model": {
          "type": "minecraft:model",
          "model": "architecture-blocks:item/the_arrival_of_lohengrin"
        }
      },
      {
        "when": "architecture-blocks:chapel",
        "model": {
          "type": "minecraft:model",
          "model": "architecture-blocks:item/chapel"
        }
      },
      {
        "when": "architecture-blocks:curse_of_grail_messenger",
        "model": {
          "type": "minecraft:model",
          "model": "architecture-blocks:item/curse_of_grail_messenger"
        }
      },
      {
        "when": "architecture-blocks:under_the_lindon_2",
        "model": {
          "type": "minecraft:model",
          "model": "architecture-blocks:item/under_the_lindon_2"
        }
      },
      {
        "when": "architecture-blocks:hermann_of_thuringia",
        "model": {
          "type": "minecraft:model",
          "model": "architecture-blocks:item/hermann_of_thuringia"
        }
      },
      {
        "when": "architecture-blocks:sigurd_meets_grypin",
        "model": {
          "type": "minecraft:model",
          "model": "architecture-blocks:item/sigurd_meets_grypin"
        }
      },
      {
        "when": "architecture-blocks:parzifal",
        "model": {
          "type": "minecraft:model",
          "model": "architecture-blocks:item/parzifal"
        }
      },
      {
        "when": "architecture-blocks:malcolm_and_margaret",
        "model": {
          "type": "minecraft:model",
          "model": "architecture-blocks:item/malcolm_and_margaret"
        }
      },
      {
        "when": "architecture-blocks:oratory_stained_glass",
        "model": {
          "type": "minecraft:model",
          "model": "architecture-blocks:item/oratory_stained_glass"
        }
      },
      {
        "when": "architecture-blocks:back_wall",
        "model": {
          "type": "minecraft:model",
          "model": "architecture-blocks:item/back_wall"
        }
      },
      {
        "when": "architecture-blocks:lady_reading_poem",
        "model": {
          "type": "minecraft:model",
          "model": "architecture-blocks:item/lady_reading_poem"
        }
      },
      {
        "when": "architecture-blocks:left_curtain",
        "model": {
          "type": "minecraft:model",
          "model": "architecture-blocks:item/left_curtain"
        }
      },
      {
        "when": "architecture-blocks:immaculate_conception",
        "model": {
          "type": "minecraft:model",
          "model": "architecture-blocks:item/immaculate_conception"
        }
      },
      {
        "when": "architecture-blocks:klingsor_flies_tannhauser",
        "model": {
          "type": "minecraft:model",
          "model": "architecture-blocks:item/klingsor_flies_tannhauser"
        }
      },
      {
        "when": "architecture-blocks:hermann_recovers_manuscript",
        "model": {
          "type": "minecraft:model",
          "model": "architecture-blocks:item/hermann_recovers_manuscript"
        }
      },
      {
        "when": "architecture-blocks:tristan_isolde_potion_2",
        "model": {
          "type": "minecraft:model",
          "model": "architecture-blocks:item/tristan_isolde_potion_2"
        }
      },
      {
        "when": "architecture-blocks:miracle_of_the_grail",
        "model": {
          "type": "minecraft:model",
          "model": "architecture-blocks:item/miracle_of_the_grail"
        }
      },
      {
        "when": "architecture-blocks:our_lady_rosary",
        "model": {
          "type": "minecraft:model",
          "model": "architecture-blocks:item/our_lady_rosary"
        }
      },
      {
        "when": "architecture-blocks:parzifals_fight",
        "model": {
          "type": "minecraft:model",
          "model": "architecture-blocks:item/parzifals_fight"
        }
      }
    ],
    "fallback": { 
          "type": "minecraft:model",
          "model": "architecture-blocks:item/painting"
}}}

[10:55:01] [Render thread/INFO] (Minecraft) [STDOUT]: create file models/item/tristan_isolde_separation.json
[10:55:01] [Render thread/INFO] (Minecraft) [STDOUT]: create file models/item/under_the_lindon.json
[10:55:02] [Render thread/INFO] (Minecraft) [STDOUT]: create file models/item/court_life_at_grail_castle.json
[10:55:02] [Render thread/INFO] (Minecraft) [STDOUT]: create file models/item/ludwig_general_1.json
[10:55:02] [Render thread/INFO] (Minecraft) [STDOUT]: create file models/item/ludwig_general_2.json
[10:55:02] [Render thread/INFO] (Minecraft) [STDOUT]: create file models/item/schwanenrittersage1.json
[10:55:02] [Render thread/INFO] (Minecraft) [STDOUT]: create file models/item/wolfram_translates_the_poem.json
[10:55:03] [Render thread/INFO] (Minecraft) [STDOUT]: create file models/item/saint_margaret.json
[10:55:03] [Render thread/INFO] (Minecraft) [STDOUT]: create file models/item/tristan_on_his_sickbed.json
[10:55:03] [Render thread/INFO] (Minecraft) [STDOUT]: create file models/item/love_potion.json
[10:55:03] [Render thread/INFO] (Minecraft) [STDOUT]: create file models/item/archer_angel.json
[10:55:03] [Render thread/INFO] (Minecraft) [STDOUT]: create file models/item/accolade.json
[10:55:04] [Render thread/INFO] (Minecraft) [STDOUT]: create file models/item/klingsor_offering_tresure.json
[10:55:04] [Render thread/INFO] (Minecraft) [STDOUT]: create file models/item/song_contest_prizes.json
[10:55:04] [Render thread/INFO] (Minecraft) [STDOUT]: create file models/item/right_curtain.json
[10:55:04] [Render thread/INFO] (Minecraft) [STDOUT]: create file models/item/portrait_wolfram_von_eschenbach_2.json
[10:55:04] [Render thread/INFO] (Minecraft) [STDOUT]: create file models/item/portrait_wolfram_von_eschenbach_1.json
[10:55:05] [Render thread/INFO] (Minecraft) [STDOUT]: create file models/item/tristan_isolde_potion.json
[10:55:05] [Render thread/INFO] (Minecraft) [STDOUT]: create file models/item/the_arrival_of_lohengrin.json
[10:55:05] [Render thread/INFO] (Minecraft) [STDOUT]: create file models/item/chapel.json
[10:55:05] [Render thread/INFO] (Minecraft) [STDOUT]: create file models/item/curse_of_grail_messenger.json
[10:55:05] [Render thread/INFO] (Minecraft) [STDOUT]: create file models/item/under_the_lindon_2.json
[10:55:06] [Render thread/INFO] (Minecraft) [STDOUT]: create file models/item/hermann_of_thuringia.json
[10:55:06] [Render thread/INFO] (Minecraft) [STDOUT]: create file models/item/sigurd_meets_grypin.json
[10:55:06] [Render thread/INFO] (Minecraft) [STDOUT]: create file models/item/parzifal.json
[10:55:06] [Render thread/INFO] (Minecraft) [STDOUT]: create file models/item/malcolm_and_margaret.json
[10:55:06] [Render thread/INFO] (Minecraft) [STDOUT]: create file models/item/oratory_stained_glass.json
[10:55:07] [Render thread/INFO] (Minecraft) [STDOUT]: create file models/item/back_wall.json
[10:55:07] [Render thread/INFO] (Minecraft) [STDOUT]: create file models/item/lady_reading_poem.json
[10:55:07] [Render thread/INFO] (Minecraft) [STDOUT]: create file models/item/left_curtain.json
[10:55:07] [Render thread/INFO] (Minecraft) [STDOUT]: create file models/item/immaculate_conception.json
[10:55:07] [Render thread/INFO] (Minecraft) [STDOUT]: create file models/item/klingsor_flies_tannhauser.json
[10:55:08] [Render thread/INFO] (Minecraft) [STDOUT]: create file models/item/hermann_recovers_manuscript.json
[10:55:08] [Render thread/INFO] (Minecraft) [STDOUT]: create file models/item/tristan_isolde_potion_2.json
[10:55:08] [Render thread/INFO] (Minecraft) [STDOUT]: create file models/item/miracle_of_the_grail.json
[10:55:08] [Render thread/INFO] (Minecraft) [STDOUT]: create file models/item/our_lady_rosary.json
[10:55:08] [Render thread/INFO] (Minecraft) [STDOUT]: create file models/item/parzifals_fight.json
[10:55:09] [Render thread/INFO] (Minecraft) Architecture Blocks/null finished after 7510 ms
[10:55:09] [Render thread/INFO] (Minecraft) All providers took: 7794 ms
[10:55:09] [Render thread/INFO] (Minecraft) Caching: total files: 971, old count: 970, new count: 933, removed stale: 38, written: 0
